<html>
<body>
<pre>
<h1>µVision Build Log</h1>
<h2>Tool Versions:</h2>
IDE-Version: µVision V5.26.2.0
Copyright (C) 2018 ARM Ltd and ARM Germany GmbH. All rights reserved.
License Information: SRIDHAR G, LYCASOFT, LIC=----
 
Tool Versions:
Toolchain:       MDK-Lite  Version: 5.26.2.0
Toolchain Path:  C:\Keil_v5\ARM\ARMCC\Bin
C Compiler:      Armcc.exe V5.06 update 6 (build 750)
Assembler:       Armasm.exe V5.06 update 6 (build 750)
Linker/Locator:  ArmLink.exe V5.06 update 6 (build 750)
Library Manager: ArmAr.exe V5.06 update 6 (build 750)
Hex Converter:   FromElf.exe V5.06 update 6 (build 750)
CPU DLL:         SARM.DLL V5.26.2.0
Dialog DLL:      DARMP.DLL V1.53.0.0
Target DLL:      UL2ARM.DLL V1.74.10.0
Dialog DLL:      TARMP.DLL V1.53.0.0
 
<h2>Project:</h2>
E:\02-CODING\05-LYCASOFT CODING\02-CODING\04-ARM 2418\07-7 SEGMENT 0-99 2\CODE\7_SEGMENT_0-99.uvproj
Project File Date:  01/09/2019

<h2>Output:</h2>
*** Using Compiler 'V5.06 update 6 (build 750)', folder: 'C:\Keil_v5\ARM\ARMCC\Bin'
Rebuild target 'Target 1'
assembling Startup.s...
compiling 7_SEGMENT_0-99.c...
7_SEGMENT_0-99.c(21): warning:  #177-D: variable "Disp3_Data"  was declared but never referenced
  				int Disp1_Data,Disp2_Data,Disp3_Data,Disp4_Data;
7_SEGMENT_0-99.c(21): warning:  #177-D: variable "Disp4_Data"  was declared but never referenced
  				int Disp1_Data,Disp2_Data,Disp3_Data,Disp4_Data;
7_SEGMENT_0-99.c(47): warning:  #1-D: last line of file ends without a newline
  }
linking...
Program Size: Code=1192 RO-data=32 RW-data=16 ZI-data=1256  
FromELF: creating hex file...
".\Objects\7_SEGMENT_0-99.axf" - 0 Error(s), 3 Warning(s).
Build Time Elapsed:  00:00:01
</pre>
</body>
</html>
